[emerg] Emerg
[alert] Alert
[crit] Critical
[error] Error
[error] Error
[warning] Warning
[warning] Warning
[emerg] Emerg
[alert] Alert
[crit] Critical
[error] Error
[error] Error
[warning] Warning
[warning] Warning
[notice] Warning
[info] Info
[debug] Debug
