Compare with case check:
`foo` .LT. `foo1`
`foo` .EQ. `foo`
`Foo` .LT. `foO`
`foo1` .GT. `foo`
`–∞–±–≤` .LT. `–∞–±–≥`
`–∞–±–≥` .GT. `–∞–±–≤`
`–ê–±–≤` .LT. `–∞–±–≤`
`–ê–±–≥` .LT. `–∞–ë–≤`
`–êiÄ–±–` .EQ. `–êiÄ–±–`
`–êiÄ–±–` .EQ. `–êiÄ–±–≥`
Compare ignore case check:
`foo` .LT. `foo1`
`foo` .EQ. `foo`
`Foo` .EQ. `foO`
`foo1` .GT. `foo`
`–∞–±–≤` .LT. `–∞–±–≥`
`–∞–±–≥` .GT. `–∞–±–≤`
`–ê–±–≤` .EQ. `–∞–±–≤`
`–ê–±–≥` .GT. `–∞–ë–≤`
`–êiÄ–±–` .EQ. `–êiÄ–±–`
`–êiÄ–±–` .LT. `–êiÄ–±–≥`
Make strings uppercase:
`1234567890abcdefghijklmnopqrstuvwxyz` -> `1234567890ABCDEFGHIJKLMNOPQRSTUVWXYZ`
`1234567890ABCDEFGHIJKLMNOPQRSTUVWXYZ` -> `1234567890ABCDEFGHIJKLMNOPQRSTUVWXYZ`
`1234567890–ê–ë–í–ì–î–ï–Å–ñ–ó–ò–ô–ö–õ–ú–ù–û–ü–†–°–¢–£–§–•–¶–ß–®–©–™–´–¨–≠–Æ–Ø` -> `1234567890–ê–ë–í–ì–î–ï–Å–ñ–ó–ò–ô–ö–õ–ú–ù–û–ü–†–°–¢–£–§–•–¶–ß–®–©–™–´–¨–≠–Æ–Ø`
`1234567890–∞–±–≤–≥–¥–µ—ë–∂–∑–∏–π–∫–ª–º–Ω–æ–ø—Ä—Å—Ç—É—Ñ—Ö—Ü—á—à—â—ä—ã—å—ç—é—è` -> `1234567890–ê–ë–í–ì–î–ï–Å–ñ–ó–ò–ô–ö–õ–ú–ù–û–ü–†–°–¢–£–§–•–¶–ß–®–©–™–´–¨–≠–Æ–Ø`
`ÿßŸÑÿπÿ±ÿ®Ÿäÿ©` -> `ÿßŸÑÿπÿ±ÿ®Ÿäÿ©`
`≈Ωemaitƒó≈°ka` -> `≈ΩEMAITƒñ≈†KA`
`Catal√†` -> `CATAL√Ä`
`Espa√±ol` -> `ESPA√ëOL`
`Fran√ßais` -> `FRAN√áAIS`
`Êó•Êú¨Ë™û` -> `Êó•Êú¨Ë™û`
`Lietuvi≈≥` -> `LIETUVI≈≤`
`Norsk (bokm√•l)` -> `NORSK (BOKM√ÖL)`
`Portugu√™s` -> `PORTUGU√äS`
`Slovenƒçina` -> `SLOVENƒåINA`
`Sloven≈°ƒçina` -> `SLOVEN≈†ƒåINA`
`–¢–æ“∑–∏–∫”£` -> `–¢–û“∂–ò–ö”¢`
`T√ºrk√ße` -> `T√úRK√áE`
`–£–∫—Ä–∞—ó–Ω—Å—å–∫–∞` -> `–£–ö–†–ê–á–ù–°–¨–ö–ê`
`V√®neto` -> `V√àNETO`
`Volap√ºk` -> `VOLAP√úK`
`Herzliche Gr√º√üe` -> `HERZLICHE GR√ú√üE`
`–°–µ—Ä–¥–µ—á–Ω—ã–π –ø—Ä–∏–≤–µ—Ç` -> `–°–ï–†–î–ï–ß–ù–´–ô –ü–†–ò–í–ï–¢`
`–°–µ—Ä–¥–µÄ—á–Ω—ã–π –ø—Ä–∏–≤–µ—Ç` -> ERROR
`F¿Äoo` -> `F¿ÄOO`
`F¿Ä` -> `F¿Ä`
Make strings lowercase:
`1234567890abcdefghijklmnopqrstuvwxyz` -> `1234567890abcdefghijklmnopqrstuvwxyz`
`1234567890ABCDEFGHIJKLMNOPQRSTUVWXYZ` -> `1234567890abcdefghijklmnopqrstuvwxyz`
`1234567890–ê–ë–í–ì–î–ï–Å–ñ–ó–ò–ô–ö–õ–ú–ù–û–ü–†–°–¢–£–§–•–¶–ß–®–©–™–´–¨–≠–Æ–Ø` -> `1234567890–∞–±–≤–≥–¥–µ—ë–∂–∑–∏–π–∫–ª–º–Ω–æ–ø—Ä—Å—Ç—É—Ñ—Ö—Ü—á—à—â—ä—ã—å—ç—é—è`
`1234567890–∞–±–≤–≥–¥–µ—ë–∂–∑–∏–π–∫–ª–º–Ω–æ–ø—Ä—Å—Ç—É—Ñ—Ö—Ü—á—à—â—ä—ã—å—ç—é—è` -> `1234567890–∞–±–≤–≥–¥–µ—ë–∂–∑–∏–π–∫–ª–º–Ω–æ–ø—Ä—Å—Ç—É—Ñ—Ö—Ü—á—à—â—ä—ã—å—ç—é—è`
`ÿßŸÑÿπÿ±ÿ®Ÿäÿ©` -> `ÿßŸÑÿπÿ±ÿ®Ÿäÿ©`
`≈Ωemaitƒó≈°ka` -> `≈æemaitƒó≈°ka`
`Catal√†` -> `catal√†`
`Espa√±ol` -> `espa√±ol`
`Fran√ßais` -> `fran√ßais`
`Êó•Êú¨Ë™û` -> `Êó•Êú¨Ë™û`
`Lietuvi≈≥` -> `lietuvi≈≥`
`Norsk (bokm√•l)` -> `norsk (bokm√•l)`
`Portugu√™s` -> `portugu√™s`
`Slovenƒçina` -> `slovenƒçina`
`Sloven≈°ƒçina` -> `sloven≈°ƒçina`
`–¢–æ“∑–∏–∫”£` -> `—Ç–æ“∑–∏–∫”£`
`T√ºrk√ße` -> `t√ºrk√ße`
`–£–∫—Ä–∞—ó–Ω—Å—å–∫–∞` -> `—É–∫—Ä–∞—ó–Ω—Å—å–∫–∞`
`V√®neto` -> `v√®neto`
`Volap√ºk` -> `volap√ºk`
`Herzliche Gr√º√üe` -> `herzliche gr√º√üe`
`–°–µ—Ä–¥–µ—á–Ω—ã–π –ø—Ä–∏–≤–µ—Ç` -> `—Å–µ—Ä–¥–µ—á–Ω—ã–π –ø—Ä–∏–≤–µ—Ç`
`–°–µ—Ä–¥–µÄ—á–Ω—ã–π –ø—Ä–∏–≤–µ—Ç` -> ERROR
`F¿Äoo` -> `f¿Äoo`
`F¿Ä` -> `f¿Ä`
