Length: 12
0xD0 0x9F 0xD1 0x80 0xD0 0xB8 0xD0 0xB2 0xD0 0xB5 0xD1 0x82 0x2C 0x20 0xD0 0xBC 0xD0 0xB8 0xD1 0x80 0x21 
0x41F 0x440 0x438 0x432 0x435 0x442 0x2C 0x20 0x43C 0x438 0x440 0x21 
0xD0 0x9F 0xD1 0x80 0xD0 0xB8 0xD0 0xB2 0xD0 0xB5 0xD1 0x82 0x2C 0x20 0xD0 0xBC 0xD0 0xB8 0xD1 0x80 0x21 
